// Jest Snapshot v1, https://goo.gl/fbAQLP

exports[`should render the login modal and not show it 1`] = `<DocumentFragment />`;

exports[`should render the login modal and show it 1`] = `<DocumentFragment />`;
